// Jest Snapshot v1, https://goo.gl/fbAQLP

exports[`<Clock /> when given minutes and seconds (TestRenderer) shouls render properly 1`] = `"h2"`;
